Command: C:\Espressif\python_env\idf5.5_py3.11_env\Scripts\python.exe C:\Users\User\esp\v5.5.1\esp-idf\tools/idf_monitor.py -p COM3 -b 115200 --toolchain-prefix xtensa-esp32-elf- --target esp32 --revision 0 D:\EMB\web-temperature\build\web_temperature.elf D:\EMB\web-temperature\build\bootloader\bootloader.elf --force-color -m 'C:\Espressif\python_env\idf5.5_py3.11_env\Scripts\python.exe' 'C:\Users\User\esp\v5.5.1\esp-idf\tools\idf.py'
eï¿½"%=5
[0;32mI (41) boot.esp32: ï¿½ets Jun  8 2016 00:22:57[0m

rst:0x1 (POWERON_RESET),boot:0x13 (SPI_FAST_FLASH_BOOT)
configsip: 0, SPIWP:0xee
clk_drv:0x00,q_drv:0x00,d_drv:0x00,cs0_drv:0x00,hd_drv:0x00,wp_drv:0x00
mode:DIO, clock div:2
load:0x3fff0030,len:6380
ho 0 tail 12 room 4
load:0x40078000,len:15916
load:0x40080400,len:3860
entry 0x40080638
[0;32mI (29) boot: ESP-IDF v5.5.1 2nd stage bootloader[0m
[0;32mI (29) boot: compile time Sep 11 2025 22:44:50[0m
[0;32mI (29) boot: Multicore bootloader[0m
[0;32mI (31) boot: chip revision: v1.0[0m
[0;32mI (33) boot.esp32: SPI Speed      : 40MHz[0m
[0;32mI (37) boot.esp32: SPI Mode       : DIO[0m
[0;32mI (41) boot.esp32: SPI Flash Size : 2MB[0m
[0;32mI (44) boot: Enabling RNG early entropy source...[0m
[0;32mI (49) boot: Partition Table:[0m
[0;32mI (51) boot: ## Label            Usage          Type ST Offset   Length[0m
[0;32mI (58) boot:  0 nvs              WiFi data        01 02 00009000 00006000[0m
[0;32mI (64) boot:  1 phy_init         RF data          01 01 0000f000 00001000[0m
[0;32mI (71) boot:  2 factory          factory app      00 00 00010000 00100000[0m
[0;32mI (77) boot: End of partition table[0m
[0;32mI (81) esp_image: segment 0: paddr=00010020 vaddr=3f400020 size=1e270h (123504) map[0m
[0;32mI (130) esp_image: segment 1: paddr=0002e298 vaddr=3ffb0000 size=01d80h (  7552) load[0m
[0;32mI (133) esp_image: segment 2: paddr=00030020 vaddr=400d0020 size=9fe24h (654884) map[0m
[0;32mI (358) esp_image: segment 3: paddr=000cfe4c vaddr=3ffb1d80 size=0219ch (  8604) load[0m
[0;32mI (361) esp_image: segment 4: paddr=000d1ff0 vaddr=40080000 size=17e0ch ( 97804) load[0m
[0;32mI (400) esp_image: segment 5: paddr=000e9e04 vaddr=50000000 size=00020h (    32) load[0m
[0;32mI (412) boot: Loaded app from partition at offset 0x10000[0m
[0;32mI (412) boot: Disabling RNG early entropy source...[0m
[0;32mI (422) cpu_start: Multicore app[0m
[0;32mI (431) cpu_start: Pro cpu start user code[0m
[0;32mI (431) cpu_start: cpu freq: 160000000 Hz[0m
[0;32mI (431) app_init: Application information:[0m
[0;32mI (431) app_init: Project name:     web_temperature[0m
[0;32mI (435) app_init: App version:      e7182c4-dirty[0m
[0;32mI (440) app_init: Compile time:     Sep 11 2025 22:44:35[0m
[0;32mI (445) app_init: ELF file SHA256:  5b8d32867...[0m
[0;32mI (449) app_init: ESP-IDF:          v5.5.1[0m
[0;32mI (453) efuse_init: Min chip rev:     v0.0[0m
[0;32mI (457) efuse_init: Max chip rev:     v3.99 [0m
[0;32mI (461) efuse_init: Chip rev:         v1.0[0m
[0;32mI (465) heap_init: Initializing. RAM available for dynamic allocation:[0m
[0;32mI (471) heap_init: At 3FFAE6E0 len 00001920 (6 KiB): DRAM[0m
[0;32mI (476) heap_init: At 3FFB85D8 len 00027A28 (158 KiB): DRAM[0m
[0;32mI (481) heap_init: At 3FFE0440 len 00003AE0 (14 KiB): D/IRAM[0m
[0;32mI (487) heap_init: At 3FFE4350 len 0001BCB0 (111 KiB): D/IRAM[0m
[0;32mI (492) heap_init: At 40097E0C len 000081F4 (32 KiB): IRAM[0m
[0;32mI (499) spi_flash: detected chip: generic[0m
[0;32mI (501) spi_flash: flash io: dio[0m
[0;33mW (504) spi_flash: Detected size(4096k) larger than the size in the binary image header(2048k). Using the size in the binary image header.[0m
[0;32mI (517) main_task: Started on CPU0[0m
[0;32mI (527) main_task: Calling app_main()[0m
[0;32mI (557) wifi:wifi driver task: 3ffc0588, prio:23, stack:6656, core=0[0m
[0;32mI (567) wifi:wifi firmware version: 14da9b7[0m
[0;32mI (567) wifi:wifi certification version: v7.0[0m
[0;32mI (567) wifi:config NVS flash: enabled[0m
[0;32mI (567) wifi:config nano formatting: disabled[0m
[0;32mI (577) wifi:Init data frame dynamic rx buffer num: 32[0m
[0;32mI (577) wifi:Init static rx mgmt buffer num: 5[0m
[0;32mI (577) wifi:Init management short buffer num: 32[0m
[0;32mI (587) wifi:Init dynamic tx buffer num: 32[0m
[0;32mI (587) wifi:Init static rx buffer size: 1600[0m
[0;32mI (597) wifi:Init static rx buffer num: 10[0m
[0;32mI (597) wifi:Init dynamic rx buffer num: 32[0m
[0;32mI (607) wifi_init: rx ba win: 6[0m
[0;32mI (607) wifi_init: accept mbox: 6[0m
[0;32mI (607) wifi_init: tcpip mbox: 32[0m
[0;32mI (607) wifi_init: udp mbox: 6[0m
[0;32mI (617) wifi_init: tcp mbox: 6[0m
[0;32mI (617) wifi_init: tcp tx win: 5760[0m
[0;32mI (617) wifi_init: tcp rx win: 5760[0m
[0;32mI (627) wifi_init: tcp mss: 1440[0m
[0;32mI (627) wifi_init: WiFi IRAM OP enabled[0m
[0;32mI (627) wifi_init: WiFi RX IRAM OP enabled[0m
[0;33mW (637) wifi:Password length matches WPA2 standards, authmode threshold changes from OPEN to WPA2[0m
[0;32mI (647) phy_init: phy_version 4861,b71b5ad,Aug  5 2025,11:16:06[0m
[0;32mI (717) phy_init: Saving new calibration data due to checksum failure or outdated calibration data, mode(0)[0m
[0;32mI (877) wifi:mode : sta (10:52:1c:75:f8:30)[0m
[0;32mI (877) wifi:enable tsf[0m
[0;32mI (877) WEB_TEMP: Waiting for WiFi connection...[0m
[0;32mI (887) wifi:new:<6,0>, old:<1,0>, ap:<255,255>, sta:<6,0>, prof:1, snd_ch_cfg:0x0[0m
[0;32mI (897) wifi:state: init -> auth (0xb0)[0m
[0;32mI (2157) wifi:state: auth -> assoc (0x0)[0m
[0;32mI (2167) wifi:Association refused temporarily time 196, comeback time 296 (TUs)[0m
[0;32mI (2467) wifi:state: assoc -> auth (0xb0)[0m
[0;32mI (3737) wifi:state: auth -> assoc (0x0)[0m
[0;32mI (3757) wifi:state: assoc -> run (0x10)[0m
[0;32mI (3797) wifi:connected with Rapee, aid = 4, channel 6, BW20, bssid = ce:a4:b1:4c:23:ac[0m
[0;32mI (3797) wifi:security: WPA3-SAE, phy: bgn, rssi: -66[0m
[0;32mI (3797) wifi:pm start, type: 1[0m

[0;32mI (3797) wifi:dp: 1, bi: 102400, li: 3, scale listen interval from 307200 us to 307200 us[0m
[0;32mI (3867) wifi:AP's beacon interval = 102400 us, DTIM period = 1[0m
[0;32mI (4837) esp_netif_handlers: sta ip: 172.20.10.14, mask: 255.255.255.240, gw: 172.20.10.1[0m
[0;32mI (4837) WEB_TEMP: WiFi connected![0m
[0;32mI (4857) WEB_TEMP: DHT11 -> T=61.0Â°C  H=25.0%[0m
[0;32mI (4867) main_task: Returned from app_main()[0m
[1;31mE (14877) esp-tls: [sock=54] select() timeout[0m
[1;31mE (14877) transport_base: Failed to open a new connection: 32774[0m
[1;31mE (14877) HTTP_CLIENT: Connection failed, sock < 0[0m
[1;31mE (14877) WEB_TEMP: HTTP POST failed: ESP_ERR_HTTP_CONNECT, retrying in 5000 ms[0m
[0;32mI (23557) wifi:starting SA query procedure with AP(ce:a4:b1:4c:23:ac)[0m
[0;32mI (23557) wifi:Send SA Query req with transaction id 1af4[0m
[0;32mI (23757) wifi:Send SA Query req with transaction id bf06[0m
[0;32mI (23957) wifi:Send SA Query req with transaction id 289b[0m
[0;32mI (24157) wifi:Send SA Query req with transaction id 9159[0m
[0;32mI (24357) wifi:Send SA Query req with transaction id c1ad[0m
[0;32mI (24557) wifi:Send SA Query req with transaction id 5bc1[0m
[0;32mI (24577) wifi:No response to 6 SA Queries, reset connection sending disassoc[0m
[0;32mI (24577) wifi:state: run -> init (0xd100)[0m
[0;32mI (24597) wifi:pm stop, total sleep time: 16996742 us / 20794518 us[0m

[0;32mI (24597) wifi:new:<6,0>, old:<6,0>, ap:<255,255>, sta:<6,0>, prof:1, snd_ch_cfg:0x0[0m
[1;31mE (24597) esp-tls: [sock=54] delayed connect error: Software caused connection abort[0m
[0;32mI (24607) WEB_TEMP: Retrying WiFi connection...[0m
[1;31mE (24607) transport_base: Failed to open a new connection: 32772[0m
[0;32mI (24617) wifi:E (24617) HTTP_CLIENT: Connection failed, sock < 0[0m
new:<6,0>, old:<6,0>, ap:<255,255>, sta:<6,0>, prof:1, snd_ch_cfg:0x0
[1;31mE (24617) WEB_TEMP: HTTP POST failed: ESP_ERR_HTTP_CONNECT, retrying in 5000 ms[0m
[0;32mI (24627) wifi:state: init -> auth (0xb0)[0m
[0;32mI (24647) wifi:state: auth -> assoc (0x0)[0m
[0;32mI (24657) wifi:state: assoc -> run (0x10)[0m
[0;32mI (24697) wifi:connected with Rapee, aid = 4, channel 6, BW20, bssid = ce:a4:b1:4c:23:ac[0m
[0;32mI (24697) wifi:security: WPA3-SAE, phy: bgn, rssi: -65[0m
[0;32mI (24707) wifi:pm start, type: 1[0m

[0;32mI (24747) wifi:AP's beacon interval = 102400 us, DTIM period = 1[0m
[0;32mI (25747) esp_netif_handlers: sta ip: 172.20.10.14, mask: 255.255.255.240, gw: 172.20.10.1[0m
[0;32mI (25747) WEB_TEMP: WiFi connected![0m
[1;31mE (39647) esp-tls: [sock=54] select() timeout[0m
[1;31mE (39647) transport_base: Failed to open a new connection: 32774[0m
[1;31mE (39647) HTTP_CLIENT: Connection failed, sock < 0[0m
[1;31mE (39647) WEB_TEMP: HTTP POST failed: ESP_ERR_HTTP_CONNECT, retrying in 5000 ms[0m
[0;32mI (54677) WEB_TEMP: DHT11 -> T=61.0Â°C  H=25.0%[0m
[1;31mE (64697) esp-tls: [sock=54] select() timeout[0m
[1;31mE (64697) transport_base: Failed to open a new connection: 32774[0m
[1;31mE (64697) HTTP_CLIENT: Connection failed, sock < 0[0m
[1;31mE (64697) WEB_TEMP: HTTP POST failed: ESP_ERR_HTTP_CONNECT, retrying in 5000 ms[0m
[1;31mE (79717) esp-tls: [sock=54] select() timeout[0m
[1;31mE (79717) transport_base: Failed to open a new connection: 32774[0m
[1;31mE (79717) HTTP_CLIENT: Connection failed, sock < 0[0m
[1;31mE (79717) WEB_TEMP: HTTP POST failed: ESP_ERR_HTTP_CONNECT, retrying in 5000 ms[0m
